Release Notes for: Test0001
Created By       : @_USERNAME_@
CreationDate     : @@DATE@@