Release Notes for: test0002
Created By       : @_USERNAME_@
CreationDate     : @@DATE@@